::1 - - [28/Jan/2020:16:07:21 +0900] "GET /authorize/callback?code=1e42ae76-a943-478a-b0e9-b34b26763f22&scope=openid+profile&session_id=26183420-4e5c-4255-90d8-d0d4eb8af32e&state&session_state=2eab37e4b5f7d2230ba0f4c3f5697921ce9bed168818e3d30869c5fe21422ede.d5d83ade-c8eb-4f8e-a605-29cfa6a84a33 HTTP/1.1" 302 -
192.168.0.199 - - [28/Jan/2020:16:07:22 +0900] "GET /callback.php?&code=1e42ae76-a943-478a-b0e9-b34b26763f22 HTTP/1.1" 200 2998
192.168.0.199 - - [28/Jan/2020:16:07:22 +0900] "GET /index.php? HTTP/1.1" 200 6093
::1 - - [28/Jan/2020:16:07:28 +0900] "GET /authorize/callback?code=3e1bee3f-e3f8-4b44-8bd6-db630d672776&scope=openid+profile&session_id=26183420-4e5c-4255-90d8-d0d4eb8af32e&state&session_state=2eab37e4b5f7d2230ba0f4c3f5697921ce9bed168818e3d30869c5fe21422ede.d5d83ade-c8eb-4f8e-a605-29cfa6a84a33 HTTP/1.1" 302 -
192.168.0.199 - - [28/Jan/2020:16:07:28 +0900] "GET /callback.php?&code=3e1bee3f-e3f8-4b44-8bd6-db630d672776 HTTP/1.1" 200 2998
192.168.0.199 - - [28/Jan/2020:16:07:29 +0900] "GET /oauth/token?scope=openid+profile&code=3e1bee3f-e3f8-4b44-8bd6-db630d672776&_=1580195249483 HTTP/1.1" 200 761
192.168.0.199 - - [28/Jan/2020:16:09:45 +0900] "GET / HTTP/1.1" 304 -
::1 - - [28/Jan/2020:16:09:46 +0900] "GET /authorize/callback?code=0e6fc5ad-8936-4e9b-a821-319630254b3b&scope=openid+profile&session_id=26183420-4e5c-4255-90d8-d0d4eb8af32e&state&session_state=2eab37e4b5f7d2230ba0f4c3f5697921ce9bed168818e3d30869c5fe21422ede.d5d83ade-c8eb-4f8e-a605-29cfa6a84a33 HTTP/1.1" 302 -
192.168.0.199 - - [28/Jan/2020:16:09:46 +0900] "GET /callback.php?&code=0e6fc5ad-8936-4e9b-a821-319630254b3b HTTP/1.1" 200 2998
192.168.0.199 - - [28/Jan/2020:16:09:47 +0900] "GET /? HTTP/1.1" 200 6093
192.168.0.199 - - [28/Jan/2020:16:10:09 +0900] "GET /? HTTP/1.1" 304 -
::1 - - [28/Jan/2020:16:10:12 +0900] "GET /authorize/callback?code=c989904e-3145-45fd-b736-f532fae0c1a2&scope=openid+profile&session_id=26183420-4e5c-4255-90d8-d0d4eb8af32e&state&session_state=2eab37e4b5f7d2230ba0f4c3f5697921ce9bed168818e3d30869c5fe21422ede.d5d83ade-c8eb-4f8e-a605-29cfa6a84a33 HTTP/1.1" 302 -
192.168.0.199 - - [28/Jan/2020:16:10:12 +0900] "GET /callback.php?&code=c989904e-3145-45fd-b736-f532fae0c1a2 HTTP/1.1" 200 2998
::1 - - [28/Jan/2020:16:11:46 +0900] "GET /authorize/callback?code=811aac9f-b6bb-4862-ac33-9cf9273cf6d0&scope=openid+profile&session_id=26183420-4e5c-4255-90d8-d0d4eb8af32e&state&session_state=2eab37e4b5f7d2230ba0f4c3f5697921ce9bed168818e3d30869c5fe21422ede.d5d83ade-c8eb-4f8e-a605-29cfa6a84a33 HTTP/1.1" 302 -
192.168.0.199 - - [28/Jan/2020:16:11:46 +0900] "GET /callback.php?&code=811aac9f-b6bb-4862-ac33-9cf9273cf6d0 HTTP/1.1" 200 2998
192.168.0.199 - - [28/Jan/2020:16:11:47 +0900] "GET /? HTTP/1.1" 304 -
192.168.0.199 - - [28/Jan/2020:16:11:49 +0900] "GET /? HTTP/1.1" 304 -
192.168.0.199 - - [28/Jan/2020:16:12:07 +0900] "GET / HTTP/1.1" 200 6093
::1 - - [28/Jan/2020:16:12:31 +0900] "GET /authorize/callback?code=f9cd0280-b62d-4d11-a557-31b6997ec0b5&scope=openid+profile&session_id=7a0e1dcc-d1ef-4c5e-b987-bfb4e874ff30&state&session_state=2f067a7b9ca533dbc2f37dacdfcd0c02b9dee34b7ce309b18e72fd5060ee1497.7c5d4b58-a7fe-47a0-9900-ede2ba6b30ac HTTP/1.1" 302 -
192.168.0.199 - - [28/Jan/2020:16:12:31 +0900] "GET /callback.php?&code=f9cd0280-b62d-4d11-a557-31b6997ec0b5 HTTP/1.1" 200 2998
192.168.0.199 - - [28/Jan/2020:16:12:31 +0900] "GET /oauth/token?scope=openid+profile&code=f9cd0280-b62d-4d11-a557-31b6997ec0b5&_=1580195551269 HTTP/1.1" 200 761
192.168.0.199 - - [28/Jan/2020:16:13:18 +0900] "GET / HTTP/1.1" 200 6093
::1 - - [28/Jan/2020:16:13:26 +0900] "GET /authorize/callback?code=5e6e361b-868b-4d37-8209-e9e583e8f787&scope=openid+profile&session_id=afdd6ea6-4589-41f3-a9bf-3946178c457e&state&session_state=5b3b915060d057369ce5aba4f206f2eadbd0357b944243647ed9fb6703c036bd.776783d7-2932-44bb-82b6-bdebd6ce081c HTTP/1.1" 302 -
192.168.0.199 - - [28/Jan/2020:16:13:26 +0900] "GET /callback.php?&code=5e6e361b-868b-4d37-8209-e9e583e8f787 HTTP/1.1" 200 2998
192.168.0.199 - - [28/Jan/2020:16:13:26 +0900] "GET /oauth/token?scope=openid+profile&code=5e6e361b-868b-4d37-8209-e9e583e8f787&_=1580195606775 HTTP/1.1" 200 761
192.168.0.199 - - [28/Jan/2020:16:19:46 +0900] "GET / HTTP/1.1" 200 6093
192.168.0.199 - - [28/Jan/2020:16:20:42 +0900] "GET / HTTP/1.1" 304 -
::1 - - [28/Jan/2020:16:20:57 +0900] "GET /authorize/callback?code=6623d9f3-45c1-4416-9842-02b5fa707234&scope=openid+profile&session_id=5e5f5b54-5da3-4c22-a401-595999cc5295&state&session_state=001dbd274f8fdb5db30e0157a8b5d816e8dd21d8a63dcbf00f53b444fca0fbbe.dcf6f462-e494-4464-9e75-a190bd8e4aa0 HTTP/1.1" 302 -
192.168.0.199 - - [28/Jan/2020:16:20:58 +0900] "GET /callback.php?&code=6623d9f3-45c1-4416-9842-02b5fa707234 HTTP/1.1" 200 2998
192.168.0.199 - - [28/Jan/2020:16:20:58 +0900] "GET /oauth/token?scope=openid+profile&code=6623d9f3-45c1-4416-9842-02b5fa707234&_=1580196058197 HTTP/1.1" 200 761
192.168.0.199 - - [28/Jan/2020:16:25:09 +0900] "GET / HTTP/1.1" 304 -
::1 - - [28/Jan/2020:16:25:11 +0900] "GET /authorize/callback?code=c9b140b0-f8b9-42e6-974e-4f7bd6b7eef5&scope=openid+profile&session_id=5e5f5b54-5da3-4c22-a401-595999cc5295&state&session_state=001dbd274f8fdb5db30e0157a8b5d816e8dd21d8a63dcbf00f53b444fca0fbbe.dcf6f462-e494-4464-9e75-a190bd8e4aa0 HTTP/1.1" 302 -
192.168.0.199 - - [28/Jan/2020:16:25:11 +0900] "GET /callback.php?&code=c9b140b0-f8b9-42e6-974e-4f7bd6b7eef5 HTTP/1.1" 200 3031
192.168.0.199 - - [28/Jan/2020:16:25:12 +0900] "GET /? HTTP/1.1" 200 6093
::1 - - [28/Jan/2020:16:25:15 +0900] "GET /authorize/callback?code=de62d07d-2fd4-45ca-a1ae-6591878398ff&scope=openid+profile&session_id=5e5f5b54-5da3-4c22-a401-595999cc5295&state&session_state=001dbd274f8fdb5db30e0157a8b5d816e8dd21d8a63dcbf00f53b444fca0fbbe.dcf6f462-e494-4464-9e75-a190bd8e4aa0 HTTP/1.1" 302 -
192.168.0.199 - - [28/Jan/2020:16:25:15 +0900] "GET /callback.php?&code=de62d07d-2fd4-45ca-a1ae-6591878398ff HTTP/1.1" 200 3031
192.168.0.199 - - [28/Jan/2020:16:25:20 +0900] "GET / HTTP/1.1" 200 6093
::1 - - [28/Jan/2020:16:25:27 +0900] "GET /authorize/callback?code=834f5a6a-e3c5-41f8-b98b-ab81d48bca7e&scope=openid+profile&session_id=0789ddbd-1e4d-45f2-90ac-73b7487841e9&state&session_state=087973d88f493d7dccb88ec4097a85fd79efb1dcc52022dc3a1c8c6257e68945.66613dcf-2309-41f9-9b49-7b26de756be4 HTTP/1.1" 302 -
192.168.0.199 - - [28/Jan/2020:16:25:27 +0900] "GET /callback.php?&code=834f5a6a-e3c5-41f8-b98b-ab81d48bca7e HTTP/1.1" 200 3031
192.168.0.199 - - [28/Jan/2020:16:25:34 +0900] "GET /oauth/token?scope=openid+profile&code=834f5a6a-e3c5-41f8-b98b-ab81d48bca7e&_=1580196327929 HTTP/1.1" 200 761
192.168.0.199 - - [28/Jan/2020:16:25:46 +0900] "GET / HTTP/1.1" 304 -
::1 - - [28/Jan/2020:16:25:47 +0900] "GET /authorize/callback?code=fc29ca75-7bee-4111-b24c-d32aedc55b57&scope=openid+profile&session_id=0789ddbd-1e4d-45f2-90ac-73b7487841e9&state&session_state=087973d88f493d7dccb88ec4097a85fd79efb1dcc52022dc3a1c8c6257e68945.66613dcf-2309-41f9-9b49-7b26de756be4 HTTP/1.1" 302 -
192.168.0.199 - - [28/Jan/2020:16:25:47 +0900] "GET /callback.php?&code=fc29ca75-7bee-4111-b24c-d32aedc55b57 HTTP/1.1" 200 3031
192.168.0.199 - - [28/Jan/2020:16:25:48 +0900] "GET /? HTTP/1.1" 200 6093
::1 - - [28/Jan/2020:16:25:50 +0900] "GET /authorize/callback?code=ab19e03a-f425-457c-9d01-e4ed0c034310&scope=openid+profile&session_id=0789ddbd-1e4d-45f2-90ac-73b7487841e9&state&session_state=087973d88f493d7dccb88ec4097a85fd79efb1dcc52022dc3a1c8c6257e68945.66613dcf-2309-41f9-9b49-7b26de756be4 HTTP/1.1" 302 -
192.168.0.199 - - [28/Jan/2020:16:25:50 +0900] "GET /callback.php?&code=ab19e03a-f425-457c-9d01-e4ed0c034310 HTTP/1.1" 200 3031
::1 - - [28/Jan/2020:16:25:52 +0900] "GET /authorize/callback?code=68a0c57d-b267-406c-a16e-e31c070ec7ec&scope=openid+profile&session_id=0789ddbd-1e4d-45f2-90ac-73b7487841e9&state&session_state=087973d88f493d7dccb88ec4097a85fd79efb1dcc52022dc3a1c8c6257e68945.66613dcf-2309-41f9-9b49-7b26de756be4 HTTP/1.1" 302 -
192.168.0.199 - - [28/Jan/2020:16:25:52 +0900] "GET /callback.php?&code=68a0c57d-b267-406c-a16e-e31c070ec7ec HTTP/1.1" 200 3031
192.168.0.199 - - [28/Jan/2020:16:26:14 +0900] "GET / HTTP/1.1" 200 6093
::1 - - [28/Jan/2020:16:26:20 +0900] "GET /authorize/callback?code=962c980c-73db-4951-9ee3-b408d2310046&scope=openid+profile&session_id=6e4d5530-b30d-4124-87e4-7feaa4f1484a&state&session_state=e061ed0d2a65a34e249e1ba08ad969302c215d71671243cee118cb2fd85bdda2.1b949775-de5b-4b4a-9497-aa957d9519ae HTTP/1.1" 302 -
192.168.0.199 - - [28/Jan/2020:16:26:20 +0900] "GET /callback.php?&code=962c980c-73db-4951-9ee3-b408d2310046 HTTP/1.1" 200 3031
192.168.0.199 - - [28/Jan/2020:16:27:10 +0900] "GET /oauth/token?scope=openid+profile&code=962c980c-73db-4951-9ee3-b408d2310046&_=1580196380539 HTTP/1.1" 200 761
192.168.0.199 - - [28/Jan/2020:16:27:32 +0900] "GET / HTTP/1.1" 200 6093
::1 - - [28/Jan/2020:16:27:37 +0900] "GET /authorize/callback?code=49519db6-555e-4596-852f-0fffb57327d9&scope=openid+profile&session_id=4def1b4b-86b1-4a32-b58f-1d6cb6f57760&state&session_state=d4f60b749cdfe063881d0fa0bdb153f66a5493d073bcf58f2e704bf8d14b100d.3796bdf5-612a-4c35-b5e8-0b6d642573b9 HTTP/1.1" 302 -
192.168.0.199 - - [28/Jan/2020:16:27:37 +0900] "GET /callback.php?&code=49519db6-555e-4596-852f-0fffb57327d9 HTTP/1.1" 200 3049
192.168.0.199 - - [28/Jan/2020:16:28:35 +0900] "GET /oauth/token?scope=openid+profile&code=49519db6-555e-4596-852f-0fffb57327d9&_=1580196457779 HTTP/1.1" 200 761
192.168.0.199 - - [28/Jan/2020:16:28:57 +0900] "GET / HTTP/1.1" 200 6093
::1 - - [28/Jan/2020:16:29:02 +0900] "GET /authorize/callback?code=e476e6ee-07e5-41b5-8b91-0584bee45d5e&scope=openid+profile&session_id=ca138737-6dac-4e79-9ad2-c51e3366e8d2&state&session_state=68670a9d3c35e0189a6eef57b24b14432bc05808e7f913003a4f5e2bb5f5f4df.b997d8bb-493f-4818-b32a-f6cd97cca41f HTTP/1.1" 302 -
192.168.0.199 - - [28/Jan/2020:16:29:02 +0900] "GET /callback.php?&code=e476e6ee-07e5-41b5-8b91-0584bee45d5e HTTP/1.1" 200 3049
::1 - - [28/Jan/2020:16:29:27 +0900] "GET /authorize/callback?code=8eeba4d6-a1a4-49af-927e-add39a7f9334&scope=openid+profile&session_id=92aabe68-236f-49dc-9821-233f39674e96&state&session_state=28c570be9e1e309b7ac76ea21c0962c3338721304db73f7516d8ae86cf6e47c8.3be5f20c-9f2a-4750-a686-d7a4fd1c8067 HTTP/1.1" 302 -
192.168.0.199 - - [28/Jan/2020:16:29:28 +0900] "GET /callback HTTP/1.1" 404 196
192.168.0.199 - - [28/Jan/2020:16:29:28 +0900] "GET /? HTTP/1.1" 304 -
192.168.0.199 - - [28/Jan/2020:16:29:34 +0900] "GET / HTTP/1.1" 200 6093
::1 - - [28/Jan/2020:16:29:40 +0900] "GET /authorize/callback?code=cd1fb8fb-e5fe-463c-9c6a-34d920a870b9&scope=openid+profile&session_id=34d2a7a1-fb80-49a5-9c08-400e9c055e4f&state&session_state=ecac8af97dbcbe5e92ea233112755c646440b9232fefe946a23cbb4356987a65.e54e50d9-9011-4d58-8934-72b1916e4843 HTTP/1.1" 302 -
192.168.0.199 - - [28/Jan/2020:16:29:40 +0900] "GET /callback HTTP/1.1" 404 196
192.168.0.199 - - [28/Jan/2020:16:30:08 +0900] "GET / HTTP/1.1" 200 6093
::1 - - [28/Jan/2020:16:30:14 +0900] "GET /authorize/callback?code=9ddda04e-5d6f-4ac8-bf2a-b071ad26f486&scope=openid+profile&session_id=38022a7a-e81f-4384-a32b-d2fd48724240&state&session_state=4b8041527ce387ae33ea5d04ec1eeb86f249326ea8315f651814e25df8aa29b7.abb5f71a-3ecf-4dbe-aae4-20bc4dbaf880 HTTP/1.1" 302 -
192.168.0.199 - - [28/Jan/2020:16:30:14 +0900] "GET /callback.php HTTP/1.1" 200 3049
192.168.0.199 - - [28/Jan/2020:16:35:54 +0900] "GET / HTTP/1.1" 200 6093
::1 - - [28/Jan/2020:16:36:00 +0900] "GET /authorize/callback?code=61fd44fc-07fd-4fb8-9340-63af4a1e7e0e&scope=openid+profile&session_id=9588fa23-412a-4c3c-a697-13273f22b97f&state&session_state=6c215a0a5d80ac9d9a820a67ef7209e5911c50ae2d0583893eaba6128d3a5bc5.d1a3edb5-413c-4165-bf80-4f977dfa2ea1 HTTP/1.1" 302 -
192.168.0.199 - - [28/Jan/2020:16:36:00 +0900] "GET /callback.php?&code=61fd44fc-07fd-4fb8-9340-63af4a1e7e0e HTTP/1.1" 200 3049
192.168.0.199 - - [28/Jan/2020:16:37:31 +0900] "GET /oauth/token?scope=openid+profile&code=61fd44fc-07fd-4fb8-9340-63af4a1e7e0e&_=1580196960773 HTTP/1.1" 200 761
192.168.0.199 - - [28/Jan/2020:16:48:12 +0900] "GET / HTTP/1.1" 200 6093
::1 - - [28/Jan/2020:16:48:26 +0900] "GET /authorize/callback?code=83d0290a-5537-437e-b9ca-9f9074e9d659&scope=openid+profile&session_id=03cbd6a6-82c6-4f9c-a8cd-01308ea0bfac&state&session_state=41ef7ce72de45749a72c4749c81d07df33ed72b70aa74e734ff6e6a3b0225c5e.6ba40046-0440-470e-b48d-1c2408d4dfb2 HTTP/1.1" 302 -
192.168.0.199 - - [28/Jan/2020:16:48:26 +0900] "GET /callback.php?&code=83d0290a-5537-437e-b9ca-9f9074e9d659 HTTP/1.1" 200 3049
192.168.0.199 - - [28/Jan/2020:16:49:40 +0900] "GET /oauth/token?scope=openid+profile&code=83d0290a-5537-437e-b9ca-9f9074e9d659&_=1580197706866 HTTP/1.1" 200 761
192.168.0.199 - - [28/Jan/2020:16:56:20 +0900] "GET / HTTP/1.1" 304 -
::1 - - [28/Jan/2020:16:56:22 +0900] "GET /authorize/callback?code=e48f7ef7-e713-4eca-9e56-b7e8568b2186&scope=openid+profile&session_id=03cbd6a6-82c6-4f9c-a8cd-01308ea0bfac&state&session_state=41ef7ce72de45749a72c4749c81d07df33ed72b70aa74e734ff6e6a3b0225c5e.6ba40046-0440-470e-b48d-1c2408d4dfb2 HTTP/1.1" 302 -
192.168.0.199 - - [28/Jan/2020:16:56:23 +0900] "GET /callback.php?&code=e48f7ef7-e713-4eca-9e56-b7e8568b2186 HTTP/1.1" 200 3049
192.168.0.199 - - [28/Jan/2020:16:56:28 +0900] "GET /? HTTP/1.1" 200 6093
192.168.0.199 - - [28/Jan/2020:16:56:39 +0900] "GET / HTTP/1.1" 200 6093
::1 - - [28/Jan/2020:16:56:48 +0900] "GET /authorize/callback?code=bf559ffb-283f-48fd-9c3a-982862cb29fc&scope=openid+profile&session_id=c6c1a553-9aaf-4afc-8390-355ed9c3da16&state&session_state=9def7b0550d22e7b4f140aa7b8bc6e980f20713924c62d68293cff5b464b1f7e.bc534f9c-6927-4dfc-a7fe-17f0fe0f1f3d HTTP/1.1" 302 -
192.168.0.199 - - [28/Jan/2020:16:56:48 +0900] "GET /callback.php?&code=bf559ffb-283f-48fd-9c3a-982862cb29fc HTTP/1.1" 200 3049
192.168.0.199 - - [28/Jan/2020:16:56:57 +0900] "GET /oauth/token?scope=openid+profile&code=bf559ffb-283f-48fd-9c3a-982862cb29fc&_=1580198208761 HTTP/1.1" 200 761
192.168.0.199 - - [28/Jan/2020:16:57:33 +0900] "GET / HTTP/1.1" 200 6093
::1 - - [28/Jan/2020:16:57:38 +0900] "GET /authorize/callback?code=c2a3087c-2804-4af4-b46c-7306be03289a&scope=openid+profile&session_id=d9fd7f1d-e2ee-46e5-b39c-32ec626cf825&state&session_state=67572a2daa0e6fa3e09dd645f662624e26753d2e98bdc71392a9d9bd37dbc709.c622f041-aace-4dc4-b94f-bd2b0933ac9a HTTP/1.1" 302 -
192.168.0.199 - - [28/Jan/2020:16:57:38 +0900] "GET /callback.php?&code=c2a3087c-2804-4af4-b46c-7306be03289a HTTP/1.1" 200 3049
192.168.0.199 - - [28/Jan/2020:16:58:16 +0900] "GET /oauth/token?scope=openid+profile&code=c2a3087c-2804-4af4-b46c-7306be03289a&_=1580198258759 HTTP/1.1" 200 761
192.168.0.199 - - [28/Jan/2020:17:06:35 +0900] "GET / HTTP/1.1" 200 6093
::1 - - [28/Jan/2020:17:06:46 +0900] "GET /authorize/callback?code=40e1da5e-eba2-4420-a00b-9e3e05474d74&scope=openid+profile&session_id=d67c950b-d8a2-4501-995f-7352a31ac874&state&session_state=0b091d17dcff87449f4c05397d33e2895987657a55f8dbd01e4239796d9048b6.2cb02072-65c8-47a7-ad75-839e55a885a5 HTTP/1.1" 302 -
192.168.0.199 - - [28/Jan/2020:17:06:46 +0900] "GET /callback.php?&code=40e1da5e-eba2-4420-a00b-9e3e05474d74 HTTP/1.1" 200 3049
192.168.0.199 - - [28/Jan/2020:17:06:49 +0900] "GET /oauth/token?scope=openid+profile&code=40e1da5e-eba2-4420-a00b-9e3e05474d74&_=1580198806416 HTTP/1.1" 200 761
192.168.0.199 - - [28/Jan/2020:17:14:49 +0900] "GET /callback.php? HTTP/1.1" 200 3049
192.168.0.199 - - [28/Jan/2020:17:14:56 +0900] "GET / HTTP/1.1" 200 6093
::1 - - [28/Jan/2020:17:15:01 +0900] "GET /authorize/callback?code=e499f2c7-270f-45d7-8328-ac6acc19426d&scope=openid+profile&session_id=221a1953-02e7-47c0-9182-cba813ef4b3e&state&session_state=16f97b4e7b4ee105ee7d787900dfacc806d76fbe7caaf30e853883079ff500a6.eb3223da-fe9b-468f-a037-c360eca42864 HTTP/1.1" 302 -
192.168.0.199 - - [28/Jan/2020:17:15:01 +0900] "GET /callback.php?&code=e499f2c7-270f-45d7-8328-ac6acc19426d HTTP/1.1" 200 3049
192.168.0.199 - - [28/Jan/2020:17:15:04 +0900] "GET /oauth/token?scope=openid+profile&code=e499f2c7-270f-45d7-8328-ac6acc19426d&_=1580199301934 HTTP/1.1" 200 761
192.168.0.199 - - [28/Jan/2020:17:19:28 +0900] "GET / HTTP/1.1" 200 6093
::1 - - [28/Jan/2020:17:19:32 +0900] "GET /authorize/callback?code=1f636c09-61a0-4cd4-a893-5e7d840c8487&scope=openid+profile&session_id=1b4897f6-53f0-4ff8-911d-81f5a5b22daf&state&session_state=6a9e4258c39af938223f9d1e6885e1fed1ee0eda4237ed7fdeb7407c77312560.623bb951-ee9f-4bcb-a22c-e9707a7ec4b4 HTTP/1.1" 302 -
192.168.0.199 - - [28/Jan/2020:17:19:32 +0900] "GET /callback.php?&code=1f636c09-61a0-4cd4-a893-5e7d840c8487 HTTP/1.1" 200 3049
192.168.0.199 - - [28/Jan/2020:17:19:37 +0900] "GET /oauth/token?scope=openid+profile&code=1f636c09-61a0-4cd4-a893-5e7d840c8487&_=1580199573040 HTTP/1.1" 200 761
192.168.0.199 - - [28/Jan/2020:17:26:27 +0900] "GET / HTTP/1.1" 200 6093
::1 - - [28/Jan/2020:17:26:34 +0900] "GET /authorize/callback?code=0ba46508-4fd3-4c83-a542-3dbe9eda0234&scope=openid+profile&session_id=126ca69b-1e04-41a6-a7da-877d701e85a8&state&session_state=c4704e3cd3bea8ed2954aadee3ef8be7bcc71824d644248412768b71b4329de3.bc05af01-a835-41f4-8f7a-ddd363b58b19 HTTP/1.1" 302 -
192.168.0.199 - - [28/Jan/2020:17:26:34 +0900] "GET /callback.php?&code=0ba46508-4fd3-4c83-a542-3dbe9eda0234 HTTP/1.1" 200 3049
192.168.0.199 - - [28/Jan/2020:17:26:37 +0900] "GET /oauth/token?scope=openid+profile&code=0ba46508-4fd3-4c83-a542-3dbe9eda0234&_=1580199994248 HTTP/1.1" 200 761
192.168.0.199 - - [28/Jan/2020:17:29:23 +0900] "GET / HTTP/1.1" 200 6093
::1 - - [28/Jan/2020:17:29:30 +0900] "GET /authorize/callback?code=45a89c47-f72f-47ca-a423-21c6873beca1&scope=openid+profile&session_id=58a56c1f-1141-4549-89f2-c3643ed043b3&state&session_state=06863a81938bf574c55a24eaab32ebfcd6b48740ef7e16fb729c56fc462d75ff.c45db12b-9543-4662-8b1b-9142dbbc60fb HTTP/1.1" 302 -
192.168.0.199 - - [28/Jan/2020:17:29:30 +0900] "GET /callback.php?&code=45a89c47-f72f-47ca-a423-21c6873beca1 HTTP/1.1" 200 3049
192.168.0.199 - - [28/Jan/2020:17:29:34 +0900] "GET /oauth/token?scope=openid+profile&code=45a89c47-f72f-47ca-a423-21c6873beca1&_=1580200170107 HTTP/1.1" 200 761
192.168.0.199 - - [28/Jan/2020:17:32:10 +0900] "GET / HTTP/1.1" 200 6093
::1 - - [28/Jan/2020:17:32:15 +0900] "GET /authorize/callback?code=5d529414-7cf5-40e9-a035-c3e26b0651cf&scope=openid+profile&session_id=312653f2-6d8c-4c51-a10e-7d29be2e8872&state&session_state=b613ac02ea8cee6dee4456fcf8d61b3cb30399dab2ee980aeca798bed7ac2336.bd1aa68d-77cb-4608-9de6-c3c2fb72f34e HTTP/1.1" 302 -
192.168.0.199 - - [28/Jan/2020:17:32:15 +0900] "GET /callback.php?&code=5d529414-7cf5-40e9-a035-c3e26b0651cf HTTP/1.1" 200 3049
192.168.0.199 - - [28/Jan/2020:17:32:19 +0900] "GET /oauth/token?scope=openid+profile&code=5d529414-7cf5-40e9-a035-c3e26b0651cf&_=1580200336058 HTTP/1.1" 200 761
192.168.0.199 - - [28/Jan/2020:17:40:04 +0900] "GET / HTTP/1.1" 200 6093
::1 - - [28/Jan/2020:17:40:11 +0900] "GET /authorize/callback?code=9e7ad968-af3b-4be6-bd4b-e175421acaee&scope=openid+profile&session_id=47b4b7a4-8c3e-4051-a4a4-7c83a7523302&state&session_state=98642d4c7533a09826df4acd3ed7e1e955fd1d8130b893fdbbaedc5bf7d7816e.c4362a70-ee75-468b-ac53-4a9682543672 HTTP/1.1" 302 -
192.168.0.199 - - [28/Jan/2020:17:40:11 +0900] "GET /callback.php?&code=9e7ad968-af3b-4be6-bd4b-e175421acaee HTTP/1.1" 200 2998
192.168.0.199 - - [28/Jan/2020:17:40:11 +0900] "GET /oauth/token?scope=openid+profile&code=9e7ad968-af3b-4be6-bd4b-e175421acaee&_=1580200811251 HTTP/1.1" 200 761
192.168.0.199 - - [28/Jan/2020:17:45:20 +0900] "GET /? HTTP/1.1" 200 6093
::1 - - [28/Jan/2020:17:45:18 +0900] "GET /authorize/callback?code=62cdceaf-cdbc-415d-8b0b-1d7a98da7f62&scope=openid+profile&session_id=47b4b7a4-8c3e-4051-a4a4-7c83a7523302&state&session_state=98642d4c7533a09826df4acd3ed7e1e955fd1d8130b893fdbbaedc5bf7d7816e.c4362a70-ee75-468b-ac53-4a9682543672 HTTP/1.1" 503 299
::1 - - [28/Jan/2020:17:45:25 +0900] "GET /authorize/callback?code=c5e8a535-dc67-40cd-86b8-9639c88740d1&scope=openid+profile&session_id=47b4b7a4-8c3e-4051-a4a4-7c83a7523302&state&session_state=98642d4c7533a09826df4acd3ed7e1e955fd1d8130b893fdbbaedc5bf7d7816e.c4362a70-ee75-468b-ac53-4a9682543672 HTTP/1.1" 503 299
192.168.0.199 - - [28/Jan/2020:17:45:35 +0900] "GET / HTTP/1.1" 200 6093
::1 - - [28/Jan/2020:17:45:42 +0900] "GET /authorize/callback?code=963a10a2-e258-4551-af49-a6cc5b90f50d&scope=openid+profile&session_id=1a536699-4f30-4c06-a4dc-78e25d467251&state&session_state=be3ddd757d39281d41b7f102eca9c267529e8dd336f1136d1c82e6bf816d521e.0db1a48a-929d-421d-b54c-db84c05d1011 HTTP/1.1" 503 299
192.168.0.199 - - [28/Jan/2020:17:46:14 +0900] "GET / HTTP/1.1" 200 6093
::1 - - [28/Jan/2020:17:46:21 +0900] "GET /authorize/callback?code=bc954188-6e70-4e2c-a8d8-f0dcbb44497e&scope=openid+profile&session_id=ec35169a-532f-4ecd-90ea-05d0fc891bd4&state&session_state=8955f4c8a7f0fcc31e80d0fa0f029f955685bdb14e692e9eb28c86b37a676a67.47dc9bd9-bf13-484f-820e-64f0757e89c5 HTTP/1.1" 503 299
192.168.0.199 - - [28/Jan/2020:17:49:12 +0900] "GET / HTTP/1.1" 200 6093
::1 - - [28/Jan/2020:17:49:36 +0900] "GET /authorize/callback?code=75d1ee0b-aa04-45d8-8459-856320c1904c&scope=openid+profile&session_id=6c8f312e-689d-4f22-895e-f63e9e120d67&state&session_state=50d17d08d27cabb36a3e0b793aff63f6a6c9138f0b20f09c163d7b5d5660b9f5.594fd519-da26-4e8a-a312-9965ce191c82 HTTP/1.1" 503 299
192.168.0.199 - - [28/Jan/2020:17:59:49 +0900] "GET / HTTP/1.1" 200 6093
::1 - - [28/Jan/2020:17:59:57 +0900] "GET /authorize/callback?code=c0ee1275-d377-4c27-93e6-bb2d5c8b3386&scope=openid+profile&session_id=7883532f-01c7-4bd7-8064-42d16f3d0edb&state&session_state=689f0d09f0ca7752fea14f7f1d26b4b802c5dd734377d7a1f53400fc906822d6.909d6c93-a480-489c-b0bd-98f2cc4aa15f HTTP/1.1" 302 -
192.168.0.199 - - [28/Jan/2020:17:59:57 +0900] "GET /callback.php?&code=c0ee1275-d377-4c27-93e6-bb2d5c8b3386 HTTP/1.1" 200 2998
192.168.0.199 - - [28/Jan/2020:17:59:57 +0900] "GET /oauth/token?scope=openid+profile&code=c0ee1275-d377-4c27-93e6-bb2d5c8b3386&_=1580201997596 HTTP/1.1" 200 761
192.168.0.199 - - [28/Jan/2020:18:03:19 +0900] "GET / HTTP/1.1" 304 -
::1 - - [28/Jan/2020:18:03:21 +0900] "GET /authorize/callback?code=f7a1a799-5e7f-4ddc-8db2-39da90f7e4ad&scope=openid+profile&session_id=7883532f-01c7-4bd7-8064-42d16f3d0edb&state&session_state=689f0d09f0ca7752fea14f7f1d26b4b802c5dd734377d7a1f53400fc906822d6.909d6c93-a480-489c-b0bd-98f2cc4aa15f HTTP/1.1" 302 -
192.168.0.199 - - [28/Jan/2020:18:03:21 +0900] "GET /callback.php?&code=f7a1a799-5e7f-4ddc-8db2-39da90f7e4ad HTTP/1.1" 200 2998
192.168.0.199 - - [28/Jan/2020:18:03:22 +0900] "GET /? HTTP/1.1" 200 6093
192.168.0.199 - - [28/Jan/2020:18:03:36 +0900] "GET / HTTP/1.1" 200 6093
::1 - - [28/Jan/2020:18:03:42 +0900] "GET /authorize/callback?code=3ff8c468-07f8-448e-a439-3ed50869198f&scope=openid+profile&session_id=0a005ee0-4870-41f1-9bc3-5c16adfd94f0&state&session_state=a07f3011b518de7b96113beeefb9e2bba4be7d7660eef90219011b16c46488a4.6241e906-c086-47cf-aa22-aa2c71b76b04 HTTP/1.1" 302 -
192.168.0.199 - - [28/Jan/2020:18:03:42 +0900] "GET /callback.php?&code=3ff8c468-07f8-448e-a439-3ed50869198f HTTP/1.1" 200 2998
192.168.0.199 - - [28/Jan/2020:18:03:42 +0900] "GET /oauth/token?scope=openid+profile&code=3ff8c468-07f8-448e-a439-3ed50869198f&_=1580202222230 HTTP/1.1" 200 761
192.168.0.199 - - [28/Jan/2020:18:14:04 +0900] "GET / HTTP/1.1" 200 6097
192.168.0.199 - - [28/Jan/2020:18:16:00 +0900] "GET / HTTP/1.1" 200 6093
::1 - - [28/Jan/2020:18:16:06 +0900] "GET /authorize/callback?code=5ffe8925-7659-4613-8f4f-c9206f89246f&scope=openid+profile&session_id=1ec23d5e-d871-47af-9200-73fcb10433ad&state&session_state=b3a518efa341eb51576b417a3980e4dc66431c5471b90c76c381ae2a93442053.b62befaa-9713-48a1-8d36-0c1cf3bf45db HTTP/1.1" 302 -
192.168.0.199 - - [28/Jan/2020:18:16:06 +0900] "GET /callback.php?&code=5ffe8925-7659-4613-8f4f-c9206f89246f HTTP/1.1" 200 2998
192.168.0.199 - - [28/Jan/2020:18:16:06 +0900] "GET /oauth/token?scope=openid+profile&code=5ffe8925-7659-4613-8f4f-c9206f89246f&_=1580202966407 HTTP/1.1" 200 761
192.168.0.199 - - [28/Jan/2020:18:16:37 +0900] "GET / HTTP/1.1" 200 6097
::1 - - [28/Jan/2020:18:16:45 +0900] "GET /authorize/callback.php?code=4493e156-2a4a-4c18-a926-973388ab4709&scope=openid+profile&session_id=39092b1a-db9b-4e20-bc9e-d2c775935957&state&session_state=7b46e258b0edccbab00b207e7f02af8b2563eb2101b1dc768acc9d95ae01a8eb.31eefc8d-fb7c-4a6f-8705-e06967c3d755 HTTP/1.1" 404 196
192.168.0.199 - - [28/Jan/2020:18:18:27 +0900] "GET / HTTP/1.1" 200 6093
::1 - - [28/Jan/2020:18:18:33 +0900] "GET /authorize/callback?code=78aeb845-6d88-4ff0-9162-4f57e3013225&scope=openid+profile&session_id=218318b6-34d0-44a7-b5a7-f1f68714d48f&state&session_state=97a941a615049f70270896e202f9634cf3b9f16942666805c83b26fbc989dabe.18ff14b8-f8be-4619-beea-448cb53ff472 HTTP/1.1" 302 -
192.168.0.199 - - [28/Jan/2020:18:18:33 +0900] "GET /callback.php?&code=78aeb845-6d88-4ff0-9162-4f57e3013225 HTTP/1.1" 200 2998
192.168.0.199 - - [28/Jan/2020:18:18:33 +0900] "GET /oauth/token?scope=openid+profile&code=78aeb845-6d88-4ff0-9162-4f57e3013225&_=1580203113441 HTTP/1.1" 200 761
192.168.0.199 - - [28/Jan/2020:18:21:54 +0900] "GET / HTTP/1.1" 200 6093
::1 - - [28/Jan/2020:18:21:58 +0900] "GET /authorize/callback?code=45fd8280-b15e-4798-8991-f89276b34eab&scope=openid+profile&session_id=218318b6-34d0-44a7-b5a7-f1f68714d48f&state&session_state=97a941a615049f70270896e202f9634cf3b9f16942666805c83b26fbc989dabe.18ff14b8-f8be-4619-beea-448cb53ff472 HTTP/1.1" 302 -
192.168.0.199 - - [28/Jan/2020:18:21:58 +0900] "GET /callback.php?&code=45fd8280-b15e-4798-8991-f89276b34eab HTTP/1.1" 200 2998
192.168.0.199 - - [28/Jan/2020:18:21:59 +0900] "GET /? HTTP/1.1" 200 6093
192.168.0.199 - - [28/Jan/2020:18:22:07 +0900] "GET / HTTP/1.1" 200 6093
::1 - - [28/Jan/2020:18:22:35 +0900] "GET /authorize/callback?code=9119da7a-8a4b-4a96-8ba9-53181f4e60a3&scope=openid+profile&session_id=7dde3e70-549a-4981-b24c-6603e860aa50&state&session_state=5b2680a80615b26df3ec6ae568d404004af7de98975a1b6ab878ff91fda34902.c866d991-f9e5-4c25-8397-066c0f788822 HTTP/1.1" 302 -
192.168.0.199 - - [28/Jan/2020:18:22:35 +0900] "GET /callback.php?&code=9119da7a-8a4b-4a96-8ba9-53181f4e60a3 HTTP/1.1" 200 2998
192.168.0.199 - - [28/Jan/2020:18:22:35 +0900] "GET /oauth/token?scope=openid+profile&code=9119da7a-8a4b-4a96-8ba9-53181f4e60a3&_=1580203355280 HTTP/1.1" 200 761
192.168.0.199 - - [28/Jan/2020:18:29:54 +0900] "GET / HTTP/1.1" 200 6093
::1 - - [28/Jan/2020:18:30:00 +0900] "GET /authorize/callback?code=03a4d8fd-4ad8-4b93-8068-4a3bd16f0930&scope=openid+profile&session_id=d7dc2e52-ec01-462b-9292-31cb166e9b96&state&session_state=8bf46b8dce71f8a2441dc19c1411e0ee46b702a00ebb06e16e564ee8adc75dad.9a148b2f-d9ae-4a96-af87-07738939ffad HTTP/1.1" 302 -
192.168.0.199 - - [28/Jan/2020:18:30:00 +0900] "GET /callback.php?&code=03a4d8fd-4ad8-4b93-8068-4a3bd16f0930 HTTP/1.1" 200 2998
192.168.0.199 - - [28/Jan/2020:18:30:00 +0900] "GET /oauth/token?scope=openid+profile&code=03a4d8fd-4ad8-4b93-8068-4a3bd16f0930&_=1580203800123 HTTP/1.1" 200 761
192.168.0.199 - - [28/Jan/2020:18:33:48 +0900] "GET / HTTP/1.1" 200 6093
::1 - - [28/Jan/2020:18:33:53 +0900] "GET /authorize/callback?code=755c9c77-46ff-4fd7-a29d-14be0fcf7880&scope=openid+profile&session_id=9df1087d-c8e7-41c2-92c3-abbba71e1dc0&state&session_state=3e4d3e9f8ae469d8b5354a85af50dc7542a96890370be6646065051eba9098fe.e4f97d9f-8680-47af-b065-dfc7c1df3e2b HTTP/1.1" 302 -
192.168.0.199 - - [28/Jan/2020:18:33:53 +0900] "GET /callback.php?&code=755c9c77-46ff-4fd7-a29d-14be0fcf7880 HTTP/1.1" 200 2998
192.168.0.199 - - [28/Jan/2020:18:33:53 +0900] "GET /oauth/token?scope=openid+profile&code=755c9c77-46ff-4fd7-a29d-14be0fcf7880&_=1580204033720 HTTP/1.1" 200 761
192.168.0.199 - - [29/Jan/2020:08:53:20 +0900] "GET / HTTP/1.1" 200 6093
::1 - - [29/Jan/2020:08:53:26 +0900] "GET /authorize/callback?code=268468c2-0403-48ca-8390-19ff0027ae24&scope=openid+profile&session_id=08e0d198-9039-4b51-b407-d25d7fa9b660&state&session_state=0db3756b0c077c382d339d4f33b1611224e639574ea83fbbf9884660dab88b83.cf0664bc-fcb6-4d07-8146-eff7edc54ae8 HTTP/1.1" 302 -
192.168.0.199 - - [29/Jan/2020:08:53:26 +0900] "GET /callback.php?&code=268468c2-0403-48ca-8390-19ff0027ae24 HTTP/1.1" 200 2998
192.168.0.199 - - [29/Jan/2020:08:53:26 +0900] "GET /oauth/token?scope=openid+profile&code=268468c2-0403-48ca-8390-19ff0027ae24&_=1580255606637 HTTP/1.1" 200 761
192.168.0.199 - - [29/Jan/2020:09:09:41 +0900] "GET / HTTP/1.1" 200 6093
::1 - - [29/Jan/2020:09:09:47 +0900] "GET /authorize/callback?code=4d98a8c8-7ce3-4a4c-a598-b97c66889ed4&scope=openid+profile&session_id=922e1b8c-51bd-480c-822b-44f1033f562e&state&session_state=30fb32d9c722b575dd8e1039050c7f2d62e1f154b996fb2864a465ac64be5ab1.cecf633a-ff91-4946-b9d5-2c1fd21dbc87 HTTP/1.1" 302 -
192.168.0.199 - - [29/Jan/2020:09:09:47 +0900] "GET /callback.php?&code=4d98a8c8-7ce3-4a4c-a598-b97c66889ed4 HTTP/1.1" 200 2998
192.168.0.199 - - [29/Jan/2020:09:09:47 +0900] "GET /oauth/token?scope=openid+profile&code=4d98a8c8-7ce3-4a4c-a598-b97c66889ed4&_=1580256587397 HTTP/1.1" 200 761
192.168.0.199 - - [29/Jan/2020:09:21:37 +0900] "GET / HTTP/1.1" 200 6093
::1 - - [29/Jan/2020:09:21:42 +0900] "GET /authorize/callback?code=948352e7-b7bf-46b8-ab9f-f3af8ea5c619&scope=openid+profile&session_id=7976c947-ba77-455d-b737-eb422d14f21f&state&session_state=4b8adf6a03340e26e542c522cd35c6f8b0d2f83006446fda8dd44902aab63bd2.6e597840-f187-42c6-93f7-c4789a8fcb24 HTTP/1.1" 302 -
192.168.0.199 - - [29/Jan/2020:09:21:42 +0900] "GET /callback.php?&code=948352e7-b7bf-46b8-ab9f-f3af8ea5c619 HTTP/1.1" 200 2998
192.168.0.199 - - [29/Jan/2020:09:21:43 +0900] "GET /oauth/token?scope=openid+profile&code=948352e7-b7bf-46b8-ab9f-f3af8ea5c619&_=1580257303063 HTTP/1.1" 200 761
192.168.0.199 - - [29/Jan/2020:09:25:27 +0900] "GET / HTTP/1.1" 200 6093
::1 - - [29/Jan/2020:09:25:32 +0900] "GET /authorize/callback?code=70c66b06-ebcc-4d41-9251-9d4b6fba3017&scope=openid+profile&session_id=84f911d0-6032-4753-9a7c-85c39cc869bc&state&session_state=420da0024e6077ae41b73dc552c3458cf080301036712829bb1bdb2088348482.b4f505bd-0a0e-453b-9457-cd2f98f52ab5 HTTP/1.1" 302 -
192.168.0.199 - - [29/Jan/2020:09:25:32 +0900] "GET /callback.php?&code=70c66b06-ebcc-4d41-9251-9d4b6fba3017 HTTP/1.1" 200 2998
192.168.0.199 - - [29/Jan/2020:09:25:32 +0900] "GET /oauth/token?scope=openid+profile&code=70c66b06-ebcc-4d41-9251-9d4b6fba3017&_=1580257532574 HTTP/1.1" 200 761
192.168.0.199 - - [29/Jan/2020:09:26:00 +0900] "GET / HTTP/1.1" 200 6093
::1 - - [29/Jan/2020:09:26:05 +0900] "GET /authorize/callback?code=f7674883-6475-47db-809b-dbe778256753&scope=openid+profile&session_id=2f1478a0-1382-4c58-b1f7-938aa11dafaf&state&session_state=b6aa578b0f9decf88bb5b4b599c3e9e1d604d3fae5ad322c1d1f1a4003016dbf.d4838d8e-dc89-4504-8665-93a99418d4bc HTTP/1.1" 302 -
192.168.0.199 - - [29/Jan/2020:09:26:05 +0900] "GET /callback.php?&code=f7674883-6475-47db-809b-dbe778256753 HTTP/1.1" 200 2998
192.168.0.199 - - [29/Jan/2020:09:26:05 +0900] "GET /oauth/token?scope=openid+profile&code=f7674883-6475-47db-809b-dbe778256753&_=1580257565730 HTTP/1.1" 200 761
192.168.0.199 - - [29/Jan/2020:09:28:38 +0900] "GET / HTTP/1.1" 200 6093
::1 - - [29/Jan/2020:09:28:45 +0900] "GET /authorize/callback?code=a9d36867-feab-4a18-b2c4-ad77a31d2a82&scope=openid+profile&session_id=d884e523-abd1-474f-996e-3e86b74c3f47&state&session_state=9aaaf89ce31d615a620c02ea9463605dd60513c120ecff6e9209d3dc21578dcf.342f5aae-8dc0-4569-a969-90ec76df8188 HTTP/1.1" 302 -
192.168.0.199 - - [29/Jan/2020:09:28:46 +0900] "GET /callback.php?&code=a9d36867-feab-4a18-b2c4-ad77a31d2a82 HTTP/1.1" 200 2998
192.168.0.199 - - [29/Jan/2020:09:28:46 +0900] "GET /oauth/token?scope=openid+profile&code=a9d36867-feab-4a18-b2c4-ad77a31d2a82&_=1580257726304 HTTP/1.1" 200 761
192.168.0.199 - - [29/Jan/2020:09:31:55 +0900] "GET / HTTP/1.1" 200 6093
::1 - - [29/Jan/2020:09:32:00 +0900] "GET /authorize/callback?code=145e2509-83ea-4c45-9aab-e4074f0678b6&scope=openid+profile&session_id=b4623075-111b-4b1b-8966-aa4fadbd76f2&state&session_state=cf812d0fc649cfd4839bbbcd54c9edb25c80b122a070e14b928e87a71893ba5e.b8f6311e-57d1-4787-8cea-677f1bc926ec HTTP/1.1" 302 -
192.168.0.199 - - [29/Jan/2020:09:32:00 +0900] "GET /callback.php?&code=145e2509-83ea-4c45-9aab-e4074f0678b6 HTTP/1.1" 200 2998
192.168.0.199 - - [29/Jan/2020:09:32:00 +0900] "GET /oauth/token?scope=openid+profile&code=145e2509-83ea-4c45-9aab-e4074f0678b6&_=1580257920873 HTTP/1.1" 200 761
::1 - - [29/Jan/2020:09:38:56 +0900] "GET /authorize/callback?code=511cdb1b-8125-45fe-9172-5a801eb4797c&scope=openid+profile&session_id=b4623075-111b-4b1b-8966-aa4fadbd76f2&state&session_state=cf812d0fc649cfd4839bbbcd54c9edb25c80b122a070e14b928e87a71893ba5e.b8f6311e-57d1-4787-8cea-677f1bc926ec HTTP/1.1" 302 -
192.168.0.199 - - [29/Jan/2020:09:38:56 +0900] "GET /callback.php?&code=511cdb1b-8125-45fe-9172-5a801eb4797c HTTP/1.1" 200 2998
192.168.0.199 - - [29/Jan/2020:09:38:57 +0900] "GET /? HTTP/1.1" 200 6093
192.168.0.199 - - [29/Jan/2020:09:39:07 +0900] "GET / HTTP/1.1" 200 6093
::1 - - [29/Jan/2020:09:39:16 +0900] "GET /authorize/callback?code=69dfe094-ee62-4f2d-8b2a-7ef26f73a708&scope=openid+profile&session_id=3af8982b-0c37-4541-936a-6c026cb487d7&state&session_state=f1438e24ca92eae20ce77f5163d254fc3b59e9da9baf1febc09278c9d861fe2b.7a4a3f73-aaf2-48e3-a052-188e6f57f5dc HTTP/1.1" 302 -
192.168.0.199 - - [29/Jan/2020:09:39:16 +0900] "GET /callback.php?&code=69dfe094-ee62-4f2d-8b2a-7ef26f73a708 HTTP/1.1" 200 2998
192.168.0.199 - - [29/Jan/2020:09:39:16 +0900] "GET /oauth/token?scope=openid+profile&code=69dfe094-ee62-4f2d-8b2a-7ef26f73a708&_=1580258356163 HTTP/1.1" 200 2411
192.168.0.199 - - [29/Jan/2020:09:39:20 +0900] "GET /index.php HTTP/1.1" 200 6093
192.168.0.199 - - [29/Jan/2020:09:39:23 +0900] "GET /oauth/userInfo?accessToken=eyJraWQiOiI4MTRiOTkyZi1mYTZkLTRmNjYtYmUyMS0zMGRmZGU2YTgxMDZfc2lnX3JzMjU2IiwidHlwIjoiSldUIiwiYWxnIjoiUlMyNTYifQ.eyJhdWQiOiIwMjNjM2EwMi02YTk3LTQzMTgtYmVjOC02ODQ0NDc1M2FhNjEiLCJzdWIiOiI4OGVjMGMzNi1mMDVhLTRmNTItYWJkNy1lZmIyZGYxYjg0ODUiLCJ4NXQjUzI1NiI6IiIsInNjb3BlIjpbIm9wZW5pZCIsInByb2ZpbGUiXSwiaXNzIjoiaHR0cHM6Ly9nbHV1LmRzbWNvcnBzLmNvbSIsInRva2VuX3R5cGUiOiJiZWFyZXIiLCJleHAiOjE1ODAyNTg2NTUsImlhdCI6MTU4MDI1ODM1NSwiY2xpZW50X2lkIjoiMDIzYzNhMDItNmE5Ny00MzE4LWJlYzgtNjg0NDQ3NTNhYTYxIiwidXNlcm5hbWUiOiJtc3l1In0.RGCiafwL0m_h07AvCbOh0WJfTEbxlo2q9BVghea-GTu_BVQlgg5DBZ-iJY3PWtRU-w5zSWnBvAMbXeo2cUp4VbhvRy_0j3T_VbjTtUMokLGH47BrqOXJ7agVOZMgQ0L6zAJkpS_GxDa7cqmkV1UcqVMeho2LCClw5k9Ni2ak6HEdg1zux7FOb80YduQfW2Pkb1_FRbfxmP-MADjTfEIPq4ldidc92hKnynG16R_IOi3WPm6IqNGkz-X6Kb6HzHiO9SU0sueQ5NQhPG5QcF4pJOfdjz_It28YSIUbFKf0ph2QQ9bW3_4JoiGAyBW4S1hif6gQ_EtE_jSzrH49aQoBtg&_=1580258360851 HTTP/1.1" 200 141
192.168.0.199 - - [29/Jan/2020:09:39:30 +0900] "GET /oauth/refreshAccessToken?refreshToken=7a4a87bd-f61c-486c-99a1-d37477888328&_=1580258360852 HTTP/1.1" 200 1898
192.168.0.199 - - [29/Jan/2020:09:39:34 +0900] "GET /oauth/refreshAccessToken?refreshToken=4dc2464e-367d-471c-b8b1-f95faaf9de22&_=1580258360853 HTTP/1.1" 200 1898
192.168.0.199 - - [29/Jan/2020:09:39:37 +0900] "GET /oauth/refreshAccessToken?refreshToken=758d177c-b9f1-484a-82f9-495413248985&_=1580258360854 HTTP/1.1" 200 1898
192.168.0.199 - - [29/Jan/2020:09:39:41 +0900] "GET /oauth/userInfo?accessToken=eyJraWQiOiI4MTRiOTkyZi1mYTZkLTRmNjYtYmUyMS0zMGRmZGU2YTgxMDZfc2lnX3JzMjU2IiwidHlwIjoiSldUIiwiYWxnIjoiUlMyNTYifQ.eyJhdWQiOiIwMjNjM2EwMi02YTk3LTQzMTgtYmVjOC02ODQ0NDc1M2FhNjEiLCJzdWIiOiI4OGVjMGMzNi1mMDVhLTRmNTItYWJkNy1lZmIyZGYxYjg0ODUiLCJ4NXQjUzI1NiI6IiIsInNjb3BlIjpbIm9wZW5pZCIsInByb2ZpbGUiXSwiaXNzIjoiaHR0cHM6Ly9nbHV1LmRzbWNvcnBzLmNvbSIsInRva2VuX3R5cGUiOiJiZWFyZXIiLCJleHAiOjE1ODAyNTg2NzYsImlhdCI6MTU4MDI1ODM3NiwiY2xpZW50X2lkIjoiMDIzYzNhMDItNmE5Ny00MzE4LWJlYzgtNjg0NDQ3NTNhYTYxIiwidXNlcm5hbWUiOiJtc3l1In0.lgF_m_1mxYaofL0C0Ko8pBVTdFkH95FUiGwKe8C1xely8rkfXlQBNNllBIuJ-KM2HHPpn1ZoKdMyat8d04kXvbz7-LJS6-ywroqlOhFZHaLyAuAjiLnwUr9p11_8SPNRp-Eh9cfaoBBcZLCWYB65nvGzat1WmvvAV0UwmkLqORS5rCFTJLCLUt0Hmyrk17Dxlaa_TsCpctz1_ap1Fl8lcD0vMIJY45n_KCInhlClpthEGgquKqur0Gh80ad4rZoRrIEDdFH293kAzLENUPIZgRmyylzSdOPofXcl7_4w382t4phlUzB2kBJjqI27I3r_46k1_D-HukoZphDib6_glA&_=1580258360855 HTTP/1.1" 200 141
192.168.0.199 - - [29/Jan/2020:09:41:53 +0900] "GET / HTTP/1.1" 200 6093
192.168.0.199 - - [29/Jan/2020:10:01:24 +0900] "GET / HTTP/1.1" 200 6093
::1 - - [29/Jan/2020:10:01:34 +0900] "GET /authorize/callback?code=7d8a9dd1-0e97-4967-bced-294e47cc762e&scope=openid+profile&session_id=9b53a90e-0180-46d4-9d8e-c44b4485a0c5&state&session_state=d60ef8213cf505f529d0af86b5eb45bf008d1e880dfbe43f9d9200eeb023f229.a19b2cf2-aaa0-4416-9973-7cb14f59d67f HTTP/1.1" 302 -
192.168.0.199 - - [29/Jan/2020:10:01:34 +0900] "GET /callback.php?&code=7d8a9dd1-0e97-4967-bced-294e47cc762e HTTP/1.1" 200 2998
192.168.0.199 - - [29/Jan/2020:10:01:34 +0900] "GET /oauth/token?scope=openid+profile&code=7d8a9dd1-0e97-4967-bced-294e47cc762e&_=1580259694274 HTTP/1.1" 200 2411
192.168.0.199 - - [29/Jan/2020:10:01:35 +0900] "GET /index.php HTTP/1.1" 200 6093
::1 - - [29/Jan/2020:10:40:18 +0900] "GET /logout.php HTTP/1.1" 200 201
::1 - - [29/Jan/2020:10:40:20 +0900] "GET / HTTP/1.1" 200 6093
::1 - - [29/Jan/2020:10:40:24 +0900] "GET /authorize/callback?code=5bbe316c-3d16-4360-bef1-09fdf265a510&scope=openid+profile&session_id=cac2e86a-96cd-4095-9e62-0e51dc55235a&state&session_state=3e011b57b30e81405ccff817c3e92b8278b26ce4bc42e866deceea240f3e9b48.96534053-06c7-4a30-b37f-69e76432c4c9 HTTP/1.1" 302 -
192.168.0.199 - - [29/Jan/2020:10:40:24 +0900] "GET /callback.php?&code=5bbe316c-3d16-4360-bef1-09fdf265a510 HTTP/1.1" 200 2998
192.168.0.199 - - [29/Jan/2020:10:40:24 +0900] "GET /oauth/token?scope=openid+profile&code=5bbe316c-3d16-4360-bef1-09fdf265a510&_=1580262024787 HTTP/1.1" 200 2411
192.168.0.199 - - [29/Jan/2020:10:40:27 +0900] "GET /oauth/userInfo?accessToken=eyJraWQiOiI4MTRiOTkyZi1mYTZkLTRmNjYtYmUyMS0zMGRmZGU2YTgxMDZfc2lnX3JzMjU2IiwidHlwIjoiSldUIiwiYWxnIjoiUlMyNTYifQ.eyJhdWQiOiIwMjNjM2EwMi02YTk3LTQzMTgtYmVjOC02ODQ0NDc1M2FhNjEiLCJzdWIiOiI4OGVjMGMzNi1mMDVhLTRmNTItYWJkNy1lZmIyZGYxYjg0ODUiLCJ4NXQjUzI1NiI6IiIsInNjb3BlIjpbIm9wZW5pZCIsInByb2ZpbGUiXSwiaXNzIjoiaHR0cHM6Ly9nbHV1LmRzbWNvcnBzLmNvbSIsInRva2VuX3R5cGUiOiJiZWFyZXIiLCJleHAiOjE1ODAyNjIzMjMsImlhdCI6MTU4MDI2MjAyMywiY2xpZW50X2lkIjoiMDIzYzNhMDItNmE5Ny00MzE4LWJlYzgtNjg0NDQ3NTNhYTYxIiwidXNlcm5hbWUiOiJtc3l1In0.bFzcA1vu9JBm5DPEHnFO7T-BUzhI_f4O0ku_qpeJmDgIWMckrf1uEvFlrM4SJKZGy10q19U4IH2fjUILxqgd-mK1Bq9C49kWQ-_-yqly3FD8occU-axmb_4tL75LrA_bpEhyzRWauGUEUBaGlXwKkBBf_AJL0_PzS8MEVOfJmRqhmUzqiPNBrGTbXModKJXLReKKsYP6CRFcad1lw1o1ByQaz2nGzUl06VosI0b9N4D8Fetlm4jBEY3S3eUMBU5AGFEms6O9q2j5fwNY_0SceJTR_hPtZ_0fggVApch6nqqFKBx58VU4T7KIrlnvFSslH4_zaIneDwbkTe4XQbAmKQ&_=1580262026247 HTTP/1.1" 200 141
192.168.0.199 - - [29/Jan/2020:10:40:29 +0900] "GET /oauth/refreshAccessToken?refreshToken=7a47d1b0-8e3d-4306-80ae-442ef86732cc&_=1580262026248 HTTP/1.1" 200 1898
192.168.0.199 - - [29/Jan/2020:10:40:30 +0900] "GET /oauth/refreshAccessToken?refreshToken=85b36680-ef29-466b-8e35-f0ac1c7c8270&_=1580262026249 HTTP/1.1" 200 1898
192.168.0.199 - - [29/Jan/2020:10:40:34 +0900] "GET /oauth/userInfo?accessToken=eyJraWQiOiI4MTRiOTkyZi1mYTZkLTRmNjYtYmUyMS0zMGRmZGU2YTgxMDZfc2lnX3JzMjU2IiwidHlwIjoiSldUIiwiYWxnIjoiUlMyNTYifQ.eyJhdWQiOiIwMjNjM2EwMi02YTk3LTQzMTgtYmVjOC02ODQ0NDc1M2FhNjEiLCJzdWIiOiI4OGVjMGMzNi1mMDVhLTRmNTItYWJkNy1lZmIyZGYxYjg0ODUiLCJ4NXQjUzI1NiI6IiIsInNjb3BlIjpbIm9wZW5pZCIsInByb2ZpbGUiXSwiaXNzIjoiaHR0cHM6Ly9nbHV1LmRzbWNvcnBzLmNvbSIsInRva2VuX3R5cGUiOiJiZWFyZXIiLCJleHAiOjE1ODAyNjIzMjksImlhdCI6MTU4MDI2MjAyOSwiY2xpZW50X2lkIjoiMDIzYzNhMDItNmE5Ny00MzE4LWJlYzgtNjg0NDQ3NTNhYTYxIiwidXNlcm5hbWUiOiJtc3l1In0.YtlQnv15BSQ27w3ZJCe8eZFYDJSh-MSzTPurLrFx0W2sqKlfpkP4ixQhEqv7bUeS2KLpIHZnDrZz9XN17nCLtaomArjOuE4mNC9teqp9ug7beM7RgZ_MpfRshR4Xw75GLttbCPIbCu2lnqmV0wV8de27KpuiHLc_qQuttCxvoLC5NOALgHMuiF8c-XsOtb4bL22yCoMhSM8_a-eExrA2lpw6HkdDDOExGHZIvJ9v5L-5cCW8iO76XwYyFwZwZhT80HYxsuRyLQsre4u1dTlm09fdO7foPb621YJ13jvbX6rbMfRIPKcI87H43mEox2Vfeb9ecHpkt9sb2hBoxWtF7w&_=1580262026250 HTTP/1.1" 200 141
192.168.0.199 - - [29/Jan/2020:10:40:35 +0900] "GET /oauth/userInfo?accessToken=eyJraWQiOiI4MTRiOTkyZi1mYTZkLTRmNjYtYmUyMS0zMGRmZGU2YTgxMDZfc2lnX3JzMjU2IiwidHlwIjoiSldUIiwiYWxnIjoiUlMyNTYifQ.eyJhdWQiOiIwMjNjM2EwMi02YTk3LTQzMTgtYmVjOC02ODQ0NDc1M2FhNjEiLCJzdWIiOiI4OGVjMGMzNi1mMDVhLTRmNTItYWJkNy1lZmIyZGYxYjg0ODUiLCJ4NXQjUzI1NiI6IiIsInNjb3BlIjpbIm9wZW5pZCIsInByb2ZpbGUiXSwiaXNzIjoiaHR0cHM6Ly9nbHV1LmRzbWNvcnBzLmNvbSIsInRva2VuX3R5cGUiOiJiZWFyZXIiLCJleHAiOjE1ODAyNjIzMjksImlhdCI6MTU4MDI2MjAyOSwiY2xpZW50X2lkIjoiMDIzYzNhMDItNmE5Ny00MzE4LWJlYzgtNjg0NDQ3NTNhYTYxIiwidXNlcm5hbWUiOiJtc3l1In0.YtlQnv15BSQ27w3ZJCe8eZFYDJSh-MSzTPurLrFx0W2sqKlfpkP4ixQhEqv7bUeS2KLpIHZnDrZz9XN17nCLtaomArjOuE4mNC9teqp9ug7beM7RgZ_MpfRshR4Xw75GLttbCPIbCu2lnqmV0wV8de27KpuiHLc_qQuttCxvoLC5NOALgHMuiF8c-XsOtb4bL22yCoMhSM8_a-eExrA2lpw6HkdDDOExGHZIvJ9v5L-5cCW8iO76XwYyFwZwZhT80HYxsuRyLQsre4u1dTlm09fdO7foPb621YJ13jvbX6rbMfRIPKcI87H43mEox2Vfeb9ecHpkt9sb2hBoxWtF7w&_=1580262026251 HTTP/1.1" 200 141
192.168.0.199 - - [29/Jan/2020:10:40:37 +0900] "GET /oauth/refreshAccessToken?refreshToken=25d6a357-e352-4728-98b5-62f793b62c34&_=1580262026252 HTTP/1.1" 200 1898
192.168.0.199 - - [29/Jan/2020:10:40:41 +0900] "GET /oauth/userInfo?accessToken=eyJraWQiOiI4MTRiOTkyZi1mYTZkLTRmNjYtYmUyMS0zMGRmZGU2YTgxMDZfc2lnX3JzMjU2IiwidHlwIjoiSldUIiwiYWxnIjoiUlMyNTYifQ.eyJhdWQiOiIwMjNjM2EwMi02YTk3LTQzMTgtYmVjOC02ODQ0NDc1M2FhNjEiLCJzdWIiOiI4OGVjMGMzNi1mMDVhLTRmNTItYWJkNy1lZmIyZGYxYjg0ODUiLCJ4NXQjUzI1NiI6IiIsInNjb3BlIjpbIm9wZW5pZCIsInByb2ZpbGUiXSwiaXNzIjoiaHR0cHM6Ly9nbHV1LmRzbWNvcnBzLmNvbSIsInRva2VuX3R5cGUiOiJiZWFyZXIiLCJleHAiOjE1ODAyNjIzMzYsImlhdCI6MTU4MDI2MjAzNiwiY2xpZW50X2lkIjoiMDIzYzNhMDItNmE5Ny00MzE4LWJlYzgtNjg0NDQ3NTNhYTYxIiwidXNlcm5hbWUiOiJtc3l1In0.HjbKGCx9n4HCxvW3a9iLsuwNI8V0Yask-W7IXV92s9RE0xPnnCukwMgpWLeeqFWslozYmda0EesOkNSeAnAftbMtzdpApYviHQtoUcbiIIGpcIckl6fdL9rpTJaQ6EhXPxP3y7nxlP5UNWCpSCXTtq9vLO04_cW7pCIYgqrzpAtelENBMjo4rhClBJvcdDdRNUCvmKVQ9ilnQaNtPU8-dUSEai0rYqdwlf_RTP7aI-Jg0_3Y3QCN3YNlTBx5gTzH3CZECi4eFQCMwBp8uPCymw8sM8KMwJXm8IPFBIe36_ljUuEAHK2pMKMFXopL3y4F6VACMjq-9mBHouuaWyc0Zg&_=1580262026253 HTTP/1.1" 200 141
192.168.0.199 - - [29/Jan/2020:10:40:43 +0900] "GET /index.php HTTP/1.1" 304 -
192.168.0.199 - - [29/Jan/2020:10:40:43 +0900] "GET /index.php HTTP/1.1" 304 -
192.168.0.199 - - [29/Jan/2020:10:40:43 +0900] "GET /index.php HTTP/1.1" 304 -
192.168.0.199 - - [29/Jan/2020:10:40:44 +0900] "GET /index.php HTTP/1.1" 304 -
192.168.0.199 - - [29/Jan/2020:10:40:44 +0900] "GET /index.php HTTP/1.1" 304 -
192.168.0.199 - - [29/Jan/2020:10:40:44 +0900] "GET /index.php HTTP/1.1" 304 -
192.168.0.199 - - [29/Jan/2020:10:40:44 +0900] "GET /index.php HTTP/1.1" 304 -
192.168.0.199 - - [29/Jan/2020:10:40:54 +0900] "GET /index.php HTTP/1.1" 304 -
192.168.0.199 - - [29/Jan/2020:10:40:54 +0900] "GET /index.php HTTP/1.1" 304 -
192.168.0.199 - - [29/Jan/2020:10:40:54 +0900] "GET /index.php HTTP/1.1" 304 -
192.168.0.199 - - [29/Jan/2020:10:40:54 +0900] "GET /index.php HTTP/1.1" 304 -
192.168.0.199 - - [29/Jan/2020:10:40:55 +0900] "GET /index.php HTTP/1.1" 304 -
192.168.0.199 - - [29/Jan/2020:10:40:55 +0900] "GET /index.php HTTP/1.1" 304 -
192.168.0.199 - - [29/Jan/2020:10:40:55 +0900] "GET /index.php HTTP/1.1" 304 -
192.168.0.199 - - [29/Jan/2020:10:40:55 +0900] "GET /index.php HTTP/1.1" 304 -
192.168.0.199 - - [29/Jan/2020:10:40:55 +0900] "GET /index.php HTTP/1.1" 304 -
192.168.0.199 - - [29/Jan/2020:10:40:55 +0900] "GET /index.php HTTP/1.1" 304 -
192.168.0.199 - - [29/Jan/2020:10:40:56 +0900] "GET /index.php HTTP/1.1" 304 -
192.168.0.199 - - [29/Jan/2020:10:40:56 +0900] "GET /index.php HTTP/1.1" 304 -
192.168.0.199 - - [29/Jan/2020:10:40:56 +0900] "GET /index.php HTTP/1.1" 304 -
::1 - - [29/Jan/2020:10:42:15 +0900] "GET /authorize/callback?code=acaff8f8-2177-49ca-89cc-44532e0c7b71&scope=openid+profile&session_id=60b091d1-b4ad-490d-98a7-ca6005bbbcce&state&session_state=d24c380f95b3c1a72c69c503dfb413707dca2f58013fe0c5efe720102705ee35.c1652f3a-a08a-4d46-aae8-574c7ce12ea8 HTTP/1.1" 302 -
192.168.0.199 - - [29/Jan/2020:10:42:15 +0900] "GET /callback.php?&code=acaff8f8-2177-49ca-89cc-44532e0c7b71 HTTP/1.1" 200 2998
192.168.0.199 - - [29/Jan/2020:10:42:15 +0900] "GET /oauth/token?scope=openid+profile&code=acaff8f8-2177-49ca-89cc-44532e0c7b71&_=1580262135878 HTTP/1.1" 200 2411
192.168.0.199 - - [29/Jan/2020:10:44:19 +0900] "GET /oauth/userInfo?accessToken=eyJraWQiOiI4MTRiOTkyZi1mYTZkLTRmNjYtYmUyMS0zMGRmZGU2YTgxMDZfc2lnX3JzMjU2IiwidHlwIjoiSldUIiwiYWxnIjoiUlMyNTYifQ.eyJhdWQiOiIwMjNjM2EwMi02YTk3LTQzMTgtYmVjOC02ODQ0NDc1M2FhNjEiLCJzdWIiOiI4OGVjMGMzNi1mMDVhLTRmNTItYWJkNy1lZmIyZGYxYjg0ODUiLCJ4NXQjUzI1NiI6IiIsInNjb3BlIjpbIm9wZW5pZCIsInByb2ZpbGUiXSwiaXNzIjoiaHR0cHM6Ly9nbHV1LmRzbWNvcnBzLmNvbSIsInRva2VuX3R5cGUiOiJiZWFyZXIiLCJleHAiOjE1ODAyNjI0MzQsImlhdCI6MTU4MDI2MjEzNCwiY2xpZW50X2lkIjoiMDIzYzNhMDItNmE5Ny00MzE4LWJlYzgtNjg0NDQ3NTNhYTYxIiwidXNlcm5hbWUiOiJtc3l1In0.Nws8E_WR4wdajoVPIoXZMSreijgqcFGg7WM5iUmLiSwURJE60XWE4yiFU5y4M9r6xvWpz1W6EekTv-VJK-aUOHmeH4fczn3m9hG8EyUndEQZhx0TCcAaHV_wZkIpzFghP5KLy8ruK-jfxcVWTgDlg9-0l9jTNVihIuVPLexOFAAK98Kuiq2Xrx4CH_j0ay-lqJ7vn3sdcQ-1--ozo2cAjB2g1176c3axRNAM3ZKryXvdXdE5--F2V85a_GbSnYXIjtw_m5mm4SyF_oDgcS_5KvKzvrWTKOylvJLXmxkj76Oo2vwsfxZ8RuQt0jJ6rVeCZ7-0qGwFURh0zdAUqghgvQ&_=1580262138125 HTTP/1.1" 200 141
::1 - - [29/Jan/2020:11:01:17 +0900] "GET /authorize/callback?code=7c7495f2-c795-4ec8-b6c8-2eabaa75b983&scope=openid+profile&session_id=b9f612d2-ff3f-4017-9277-a2c9ac47d9e8&state&session_state=d1db2a844c20b6d372e467e964c35d02631b340b252671dbf68a05e4f0d62296.5bcdcdcd-2d77-4117-8b65-8b338d0d3e41 HTTP/1.1" 302 -
192.168.0.199 - - [29/Jan/2020:11:01:17 +0900] "GET /callback.php?&code=7c7495f2-c795-4ec8-b6c8-2eabaa75b983 HTTP/1.1" 200 2998
192.168.0.199 - - [29/Jan/2020:11:01:17 +0900] "GET /oauth/token?scope=openid+profile&code=7c7495f2-c795-4ec8-b6c8-2eabaa75b983&_=1580263277482 HTTP/1.1" 200 2411
192.168.0.199 - - [29/Jan/2020:11:01:39 +0900] "GET /oauth/refreshAccessToken?refreshToken=45f835ba-ed2e-48cc-b498-c2baa5e7a2bf&_=1580263278820 HTTP/1.1" 200 1898
192.168.0.199 - - [29/Jan/2020:11:01:40 +0900] "GET /oauth/userInfo?accessToken=eyJraWQiOiI4MTRiOTkyZi1mYTZkLTRmNjYtYmUyMS0zMGRmZGU2YTgxMDZfc2lnX3JzMjU2IiwidHlwIjoiSldUIiwiYWxnIjoiUlMyNTYifQ.eyJhdWQiOiIwMjNjM2EwMi02YTk3LTQzMTgtYmVjOC02ODQ0NDc1M2FhNjEiLCJzdWIiOiI4OGVjMGMzNi1mMDVhLTRmNTItYWJkNy1lZmIyZGYxYjg0ODUiLCJ4NXQjUzI1NiI6IiIsInNjb3BlIjpbIm9wZW5pZCIsInByb2ZpbGUiXSwiaXNzIjoiaHR0cHM6Ly9nbHV1LmRzbWNvcnBzLmNvbSIsInRva2VuX3R5cGUiOiJiZWFyZXIiLCJleHAiOjE1ODAyNjM1OTcsImlhdCI6MTU4MDI2MzI5NywiY2xpZW50X2lkIjoiMDIzYzNhMDItNmE5Ny00MzE4LWJlYzgtNjg0NDQ3NTNhYTYxIiwidXNlcm5hbWUiOiJtc3l1In0.hFYy5ATnmfu-HV43l_QfvfLz1_JDxIbbsLo7k9qjKZsUsTn-fqn-39YL5jHQCJTPGqc6ToB29pV2D6cBlg-acgrlF7W9Km1lHVzzT2OQj4KVPLp0UFaGkMU5WFbidMTUi2P5mOrtGtK_igLq_uf_lLf5YV6l_Uu-umHLMX159_Rrp-MDmM9kpaNUpre1UxrdZLezoWnm5x1e5uEH9i9Sup-YkKJKYJFUh56O_Idf8zA1bi6jZgXrlPzjMgB7wtZKCcVIAY5id1wYzKiWWb1qhn05tmioWswhzQuo5htGSqP4MzIqym9FxCTDNwIuc3Wqvk6sOsDGbHVEcfrPHRT_sg&_=1580263278821 HTTP/1.1" 200 141
::1 - - [29/Jan/2020:11:18:54 +0900] "GET /authorize/callback?code=51dd8f53-b724-4331-abb7-cbc4edb3d182&scope=openid+profile&session_id=4edfe294-a43b-4235-b3f6-847e90c4c96b&state&session_state=4676588fdef654fa5b41673337b5b951b2252c6d8fe5dc511c45777dd254fb0a.774722c4-e33d-4ea9-aa24-61d101983c6f HTTP/1.1" 302 -
192.168.0.199 - - [29/Jan/2020:11:18:54 +0900] "GET /callback.php?&code=51dd8f53-b724-4331-abb7-cbc4edb3d182 HTTP/1.1" 200 2998
192.168.0.199 - - [29/Jan/2020:11:18:54 +0900] "GET /oauth/token?scope=openid+profile&code=51dd8f53-b724-4331-abb7-cbc4edb3d182&_=1580264334891 HTTP/1.1" 200 2411
::1 - - [29/Jan/2020:11:19:22 +0900] "GET /authorize/callback?code=7cbcd72c-ee4c-495f-83a6-4b4bfe0466f4&scope=openid+profile&session_id=94c7c4d2-db03-4a3b-8550-c552d9e5a1d2&state&session_state=5e9e27ca5486dfe23948ac2daa907dcb41d7cde1a072f2e771cf16af100f9757.c7be1a9f-8cb1-42b2-bc82-76c0559579b9 HTTP/1.1" 302 -
192.168.0.199 - - [29/Jan/2020:11:19:22 +0900] "GET /callback.php?&code=7cbcd72c-ee4c-495f-83a6-4b4bfe0466f4 HTTP/1.1" 200 2998
192.168.0.199 - - [29/Jan/2020:11:19:22 +0900] "GET /oauth/token?scope=openid+profile&code=7cbcd72c-ee4c-495f-83a6-4b4bfe0466f4&_=1580264362179 HTTP/1.1" 200 2411
192.168.0.199 - - [29/Jan/2020:11:19:44 +0900] "GET /oauth/userInfo?accessToken=eyJraWQiOiI4MTRiOTkyZi1mYTZkLTRmNjYtYmUyMS0zMGRmZGU2YTgxMDZfc2lnX3JzMjU2IiwidHlwIjoiSldUIiwiYWxnIjoiUlMyNTYifQ.eyJhdWQiOiIwMjNjM2EwMi02YTk3LTQzMTgtYmVjOC02ODQ0NDc1M2FhNjEiLCJzdWIiOiI4OGVjMGMzNi1mMDVhLTRmNTItYWJkNy1lZmIyZGYxYjg0ODUiLCJ4NXQjUzI1NiI6IiIsInNjb3BlIjpbIm9wZW5pZCIsInByb2ZpbGUiXSwiaXNzIjoiaHR0cHM6Ly9nbHV1LmRzbWNvcnBzLmNvbSIsInRva2VuX3R5cGUiOiJiZWFyZXIiLCJleHAiOjE1ODAyNjQ2NjEsImlhdCI6MTU4MDI2NDM2MSwiY2xpZW50X2lkIjoiMDIzYzNhMDItNmE5Ny00MzE4LWJlYzgtNjg0NDQ3NTNhYTYxIiwidXNlcm5hbWUiOiJtc3l1In0.OQKLf8NMu-rBkBcz8Fi2eZmna8TBFl5HlAiPz6ZgC_-J1y4g4JA_D3SPj7KitgIVBmgGg5_JYpbeOrcULS5LnqnnhHwfkA2rO0XwUfsRs81oLBLoq2Ds9yS5Vj04ePmuWow1R133C6mdrUbHM6jut_5xtNKL8WbH90TRPIQuuham4vx04vBE6oF3vzEYjkAat7o_3TVwE54gpD4z73VeYaNazvZb0vAllNgPFzqjf38INJEv2xqp93T07XpyQ0L7dIF4ezOygjrdUDTof9ksdfzdOpRQdA3aMTHv_GwmvPpbzGkpZ8buipjU0JkWeDrpTmDey5nXCEpWiadnIhEdiA&_=1580264383065 HTTP/1.1" 200 141
192.168.0.199 - - [29/Jan/2020:11:19:47 +0900] "GET /oauth/refreshAccessToken?refreshToken=25793455-2ce3-4438-afd8-c70ea234fd7a&_=1580264383066 HTTP/1.1" 200 1898
::1 - - [29/Jan/2020:11:24:36 +0900] "GET /authorize/callback?code=3c62b015-d5cf-4865-9aaf-8e271bf5c41d&scope=openid+profile&session_id=bd21d03f-7dc4-49c2-9680-a1530cbd4ed3&state&session_state=72c46c9e074fc77b524fd760aeb81c22d75dafe40442c5875c98949f0d811832.c1971407-e06f-49bd-a00d-7df5cae107f9 HTTP/1.1" 302 -
192.168.0.199 - - [29/Jan/2020:11:24:36 +0900] "GET /callback.php?&code=3c62b015-d5cf-4865-9aaf-8e271bf5c41d HTTP/1.1" 200 2998
192.168.0.199 - - [29/Jan/2020:11:24:36 +0900] "GET /oauth/token?scope=openid+profile&code=3c62b015-d5cf-4865-9aaf-8e271bf5c41d&_=1580264676820 HTTP/1.1" 200 2411
